Archive member included because of file (symbol)

e:/embedded system/imt_sdk_win_64/winavr/bin/../lib/gcc/avr/4.3.3/avr5\libgcc.a(_exit.o)
                              e:/embedded system/imt_sdk_win_64/winavr/bin/../lib/gcc/avr/4.3.3/../../../../avr/lib/avr5/crtm32.o (exit)
e:/embedded system/imt_sdk_win_64/winavr/bin/../lib/gcc/avr/4.3.3/avr5\libgcc.a(_copy_data.o)
                              ./HAL/KeyBad/Keybad_Programe.o (__do_copy_data)
e:/embedded system/imt_sdk_win_64/winavr/bin/../lib/gcc/avr/4.3.3/avr5\libgcc.a(_fixunssfsi.o)
                              ./HAL/LED/LED_Program.o (__fixunssfsi)
e:/embedded system/imt_sdk_win_64/winavr/bin/../lib/gcc/avr/4.3.3/avr5\libgcc.a(_addsub_sf.o)
                              e:/embedded system/imt_sdk_win_64/winavr/bin/../lib/gcc/avr/4.3.3/avr5\libgcc.a(_fixunssfsi.o) (__subsf3)
e:/embedded system/imt_sdk_win_64/winavr/bin/../lib/gcc/avr/4.3.3/avr5\libgcc.a(_mul_sf.o)
                              ./HAL/LED/LED_Program.o (__mulsf3)
e:/embedded system/imt_sdk_win_64/winavr/bin/../lib/gcc/avr/4.3.3/avr5\libgcc.a(_gt_sf.o)
                              ./HAL/LED/LED_Program.o (__gtsf2)
e:/embedded system/imt_sdk_win_64/winavr/bin/../lib/gcc/avr/4.3.3/avr5\libgcc.a(_ge_sf.o)
                              e:/embedded system/imt_sdk_win_64/winavr/bin/../lib/gcc/avr/4.3.3/avr5\libgcc.a(_fixunssfsi.o) (__gesf2)
e:/embedded system/imt_sdk_win_64/winavr/bin/../lib/gcc/avr/4.3.3/avr5\libgcc.a(_lt_sf.o)
                              ./HAL/LED/LED_Program.o (__ltsf2)
e:/embedded system/imt_sdk_win_64/winavr/bin/../lib/gcc/avr/4.3.3/avr5\libgcc.a(_sf_to_si.o)
                              e:/embedded system/imt_sdk_win_64/winavr/bin/../lib/gcc/avr/4.3.3/avr5\libgcc.a(_fixunssfsi.o) (__fixsfsi)
e:/embedded system/imt_sdk_win_64/winavr/bin/../lib/gcc/avr/4.3.3/avr5\libgcc.a(_thenan_sf.o)
                              e:/embedded system/imt_sdk_win_64/winavr/bin/../lib/gcc/avr/4.3.3/avr5\libgcc.a(_addsub_sf.o) (__thenan_sf)
e:/embedded system/imt_sdk_win_64/winavr/bin/../lib/gcc/avr/4.3.3/avr5\libgcc.a(_usi_to_sf.o)
                              ./HAL/LED/LED_Program.o (__floatunsisf)
e:/embedded system/imt_sdk_win_64/winavr/bin/../lib/gcc/avr/4.3.3/avr5\libgcc.a(_prologue.o)
                              e:/embedded system/imt_sdk_win_64/winavr/bin/../lib/gcc/avr/4.3.3/avr5\libgcc.a(_addsub_sf.o) (__prologue_saves__)
e:/embedded system/imt_sdk_win_64/winavr/bin/../lib/gcc/avr/4.3.3/avr5\libgcc.a(_epilogue.o)
                              e:/embedded system/imt_sdk_win_64/winavr/bin/../lib/gcc/avr/4.3.3/avr5\libgcc.a(_addsub_sf.o) (__epilogue_restores__)
e:/embedded system/imt_sdk_win_64/winavr/bin/../lib/gcc/avr/4.3.3/avr5\libgcc.a(_clzsi2.o)
                              e:/embedded system/imt_sdk_win_64/winavr/bin/../lib/gcc/avr/4.3.3/avr5\libgcc.a(_usi_to_sf.o) (__clzsi2)
e:/embedded system/imt_sdk_win_64/winavr/bin/../lib/gcc/avr/4.3.3/avr5\libgcc.a(_pack_sf.o)
                              e:/embedded system/imt_sdk_win_64/winavr/bin/../lib/gcc/avr/4.3.3/avr5\libgcc.a(_addsub_sf.o) (__pack_f)
e:/embedded system/imt_sdk_win_64/winavr/bin/../lib/gcc/avr/4.3.3/avr5\libgcc.a(_unpack_sf.o)
                              e:/embedded system/imt_sdk_win_64/winavr/bin/../lib/gcc/avr/4.3.3/avr5\libgcc.a(_addsub_sf.o) (__unpack_f)
e:/embedded system/imt_sdk_win_64/winavr/bin/../lib/gcc/avr/4.3.3/avr5\libgcc.a(_fpcmp_parts_sf.o)
                              e:/embedded system/imt_sdk_win_64/winavr/bin/../lib/gcc/avr/4.3.3/avr5\libgcc.a(_gt_sf.o) (__fpcmp_parts_f)
e:/embedded system/imt_sdk_win_64/winavr/bin/../lib/gcc/avr/4.3.3/avr5\libgcc.a(_clz.o)
                              e:/embedded system/imt_sdk_win_64/winavr/bin/../lib/gcc/avr/4.3.3/avr5\libgcc.a(_clzsi2.o) (__clz_tab)

Memory Configuration

Name             Origin             Length             Attributes
text             0x00000000         0x00020000         xr
data             0x00800060         0x0000ffa0         rw !x
eeprom           0x00810000         0x00010000         rw !x
fuse             0x00820000         0x00000400         rw !x
lock             0x00830000         0x00000400         rw !x
signature        0x00840000         0x00000400         rw !x
*default*        0x00000000         0xffffffff

Linker script and memory map

LOAD e:/embedded system/imt_sdk_win_64/winavr/bin/../lib/gcc/avr/4.3.3/../../../../avr/lib/avr5/crtm32.o
LOAD ./MCAL/Global_ISR/GIE_ISR_Programe.o
LOAD ./MCAL/EXT_ISR/EXT_ISR_Programe.o
LOAD ./MCAL/DIO/Program.o
LOAD ./MCAL/ADC/ADC_Programe.o
LOAD ./HAL/LM35/LM35_Programe.o
LOAD ./HAL/LED/LED_Program.o
LOAD ./HAL/LCD/LCD_Programe.o
LOAD ./HAL/KeyBad/Keybad_Programe.o
LOAD ./HAL/Button/Button_Programe.o
LOAD ./HAL/7_Segment/7_Segment_Programe.o
LOAD ./APP/LM35_APP/LM35_APP.o
LOAD ./APP/LED_APP/LED_APP.o
LOAD ./APP/LCD_APP/LCD_APP.o
LOAD ./APP/KEYBAD_APP/KEYBAD_APP.o
LOAD ./APP/EXT_APP/EXT_APP.o
LOAD ./APP/ADC_APP/ADC_APP.o
LOAD ./APP/7_SEGMENT_APP/7_SEGMENT_APP.o
LOAD ./APP/main.o
LOAD e:/embedded system/imt_sdk_win_64/winavr/bin/../lib/gcc/avr/4.3.3/avr5\libgcc.a
LOAD e:/embedded system/imt_sdk_win_64/winavr/bin/../lib/gcc/avr/4.3.3/../../../../avr/lib/avr5\libc.a
LOAD e:/embedded system/imt_sdk_win_64/winavr/bin/../lib/gcc/avr/4.3.3/avr5\libgcc.a

.hash
 *(.hash)

.dynsym
 *(.dynsym)

.dynstr
 *(.dynstr)

.gnu.version
 *(.gnu.version)

.gnu.version_d
 *(.gnu.version_d)

.gnu.version_r
 *(.gnu.version_r)

.rel.init
 *(.rel.init)

.rela.init
 *(.rela.init)

.rel.text
 *(.rel.text)
 *(.rel.text.*)
 *(.rel.gnu.linkonce.t*)

.rela.text
 *(.rela.text)
 *(.rela.text.*)
 *(.rela.gnu.linkonce.t*)

.rel.fini
 *(.rel.fini)

.rela.fini
 *(.rela.fini)

.rel.rodata
 *(.rel.rodata)
 *(.rel.rodata.*)
 *(.rel.gnu.linkonce.r*)

.rela.rodata
 *(.rela.rodata)
 *(.rela.rodata.*)
 *(.rela.gnu.linkonce.r*)

.rel.data
 *(.rel.data)
 *(.rel.data.*)
 *(.rel.gnu.linkonce.d*)

.rela.data
 *(.rela.data)
 *(.rela.data.*)
 *(.rela.gnu.linkonce.d*)

.rel.ctors
 *(.rel.ctors)

.rela.ctors
 *(.rela.ctors)

.rel.dtors
 *(.rel.dtors)

.rela.dtors
 *(.rela.dtors)

.rel.got
 *(.rel.got)

.rela.got
 *(.rela.got)

.rel.bss
 *(.rel.bss)

.rela.bss
 *(.rela.bss)

.rel.plt
 *(.rel.plt)

.rela.plt
 *(.rela.plt)

.text           0x00000000     0x5bc0
 *(.vectors)
 .vectors       0x00000000       0x54 e:/embedded system/imt_sdk_win_64/winavr/bin/../lib/gcc/avr/4.3.3/../../../../avr/lib/avr5/crtm32.o
                0x00000000                __vectors
                0x00000000                __vector_default
 *(.vectors)
 *(.progmem.gcc*)
 *(.progmem*)
                0x00000054                . = ALIGN (0x2)
                0x00000054                __trampolines_start = .
 *(.trampolines)
 .trampolines   0x00000054        0x0 linker stubs
 *(.trampolines*)
                0x00000054                __trampolines_end = .
 *(.jumptables)
 *(.jumptables*)
 *(.lowtext)
 *(.lowtext*)
                0x00000054                __ctors_start = .
 *(.ctors)
                0x00000054                __ctors_end = .
                0x00000054                __dtors_start = .
 *(.dtors)
                0x00000054                __dtors_end = .
 SORT(*)(.ctors)
 SORT(*)(.dtors)
 *(.init0)
 .init0         0x00000054        0x0 e:/embedded system/imt_sdk_win_64/winavr/bin/../lib/gcc/avr/4.3.3/../../../../avr/lib/avr5/crtm32.o
                0x00000054                __init
 *(.init0)
 *(.init1)
 *(.init1)
 *(.init2)
 .init2         0x00000054        0xc e:/embedded system/imt_sdk_win_64/winavr/bin/../lib/gcc/avr/4.3.3/../../../../avr/lib/avr5/crtm32.o
 *(.init2)
 *(.init3)
 *(.init3)
 *(.init4)
 .init4         0x00000060       0x16 e:/embedded system/imt_sdk_win_64/winavr/bin/../lib/gcc/avr/4.3.3/avr5\libgcc.a(_copy_data.o)
                0x00000060                __do_copy_data
 *(.init4)
 *(.init5)
 *(.init5)
 *(.init6)
 *(.init6)
 *(.init7)
 *(.init7)
 *(.init8)
 *(.init8)
 *(.init9)
 .init9         0x00000076        0x8 e:/embedded system/imt_sdk_win_64/winavr/bin/../lib/gcc/avr/4.3.3/../../../../avr/lib/avr5/crtm32.o
 *(.init9)
 *(.text)
 .text          0x0000007e        0x4 e:/embedded system/imt_sdk_win_64/winavr/bin/../lib/gcc/avr/4.3.3/../../../../avr/lib/avr5/crtm32.o
                0x0000007e                __vector_12
                0x0000007e                __bad_interrupt
                0x0000007e                __vector_6
                0x0000007e                __vector_11
                0x0000007e                __vector_13
                0x0000007e                __vector_17
                0x0000007e                __vector_19
                0x0000007e                __vector_7
                0x0000007e                __vector_5
                0x0000007e                __vector_4
                0x0000007e                __vector_9
                0x0000007e                __vector_15
                0x0000007e                __vector_8
                0x0000007e                __vector_14
                0x0000007e                __vector_10
                0x0000007e                __vector_16
                0x0000007e                __vector_18
                0x0000007e                __vector_20
 .text          0x00000082        0x0 ./MCAL/Global_ISR/GIE_ISR_Programe.o
 .text          0x00000082        0x0 ./MCAL/EXT_ISR/EXT_ISR_Programe.o
 .text          0x00000082        0x0 ./MCAL/DIO/Program.o
 .text          0x00000082        0x0 ./MCAL/ADC/ADC_Programe.o
 .text          0x00000082        0x0 ./HAL/LM35/LM35_Programe.o
 .text          0x00000082        0x0 ./HAL/LED/LED_Program.o
 .text          0x00000082        0x0 ./HAL/LCD/LCD_Programe.o
 .text          0x00000082        0x0 ./HAL/KeyBad/Keybad_Programe.o
 .text          0x00000082        0x0 ./HAL/Button/Button_Programe.o
 .text          0x00000082        0x0 ./HAL/7_Segment/7_Segment_Programe.o
 .text          0x00000082        0x0 ./APP/LM35_APP/LM35_APP.o
 .text          0x00000082        0x0 ./APP/LED_APP/LED_APP.o
 .text          0x00000082        0x0 ./APP/LCD_APP/LCD_APP.o
 .text          0x00000082        0x0 ./APP/KEYBAD_APP/KEYBAD_APP.o
 .text          0x00000082        0x0 ./APP/EXT_APP/EXT_APP.o
 .text          0x00000082        0x0 ./APP/ADC_APP/ADC_APP.o
 .text          0x00000082        0x0 ./APP/7_SEGMENT_APP/7_SEGMENT_APP.o
 .text          0x00000082        0x0 ./APP/main.o
 .text          0x00000082        0x0 e:/embedded system/imt_sdk_win_64/winavr/bin/../lib/gcc/avr/4.3.3/avr5\libgcc.a(_exit.o)
 .text          0x00000082        0x0 e:/embedded system/imt_sdk_win_64/winavr/bin/../lib/gcc/avr/4.3.3/avr5\libgcc.a(_copy_data.o)
 .text          0x00000082       0x58 e:/embedded system/imt_sdk_win_64/winavr/bin/../lib/gcc/avr/4.3.3/avr5\libgcc.a(_fixunssfsi.o)
                0x00000082                __fixunssfsi
 .text          0x000000da      0x354 e:/embedded system/imt_sdk_win_64/winavr/bin/../lib/gcc/avr/4.3.3/avr5\libgcc.a(_addsub_sf.o)
                0x00000372                __subsf3
                0x000003d4                __addsf3
 .text          0x0000042e      0x1f4 e:/embedded system/imt_sdk_win_64/winavr/bin/../lib/gcc/avr/4.3.3/avr5\libgcc.a(_mul_sf.o)
                0x0000042e                __mulsf3
 .text          0x00000622       0x60 e:/embedded system/imt_sdk_win_64/winavr/bin/../lib/gcc/avr/4.3.3/avr5\libgcc.a(_gt_sf.o)
                0x00000622                __gtsf2
 .text          0x00000682       0x60 e:/embedded system/imt_sdk_win_64/winavr/bin/../lib/gcc/avr/4.3.3/avr5\libgcc.a(_ge_sf.o)
                0x00000682                __gesf2
 .text          0x000006e2       0x60 e:/embedded system/imt_sdk_win_64/winavr/bin/../lib/gcc/avr/4.3.3/avr5\libgcc.a(_lt_sf.o)
                0x000006e2                __ltsf2
 .text          0x00000742       0xa8 e:/embedded system/imt_sdk_win_64/winavr/bin/../lib/gcc/avr/4.3.3/avr5\libgcc.a(_sf_to_si.o)
                0x00000742                __fixsfsi
 .text          0x000007ea        0x0 e:/embedded system/imt_sdk_win_64/winavr/bin/../lib/gcc/avr/4.3.3/avr5\libgcc.a(_thenan_sf.o)
 .text          0x000007ea       0xf2 e:/embedded system/imt_sdk_win_64/winavr/bin/../lib/gcc/avr/4.3.3/avr5\libgcc.a(_usi_to_sf.o)
                0x000007ea                __floatunsisf
 .text          0x000008dc        0x0 e:/embedded system/imt_sdk_win_64/winavr/bin/../lib/gcc/avr/4.3.3/avr5\libgcc.a(_prologue.o)
 .text          0x000008dc        0x0 e:/embedded system/imt_sdk_win_64/winavr/bin/../lib/gcc/avr/4.3.3/avr5\libgcc.a(_epilogue.o)
 .text          0x000008dc       0x9e e:/embedded system/imt_sdk_win_64/winavr/bin/../lib/gcc/avr/4.3.3/avr5\libgcc.a(_clzsi2.o)
                0x000008dc                __clzsi2
 .text          0x0000097a      0x1aa e:/embedded system/imt_sdk_win_64/winavr/bin/../lib/gcc/avr/4.3.3/avr5\libgcc.a(_pack_sf.o)
                0x0000097a                __pack_f
 .text          0x00000b24       0xf0 e:/embedded system/imt_sdk_win_64/winavr/bin/../lib/gcc/avr/4.3.3/avr5\libgcc.a(_unpack_sf.o)
                0x00000b24                __unpack_f
 .text          0x00000c14       0xb2 e:/embedded system/imt_sdk_win_64/winavr/bin/../lib/gcc/avr/4.3.3/avr5\libgcc.a(_fpcmp_parts_sf.o)
                0x00000c14                __fpcmp_parts_f
 .text          0x00000cc6        0x0 e:/embedded system/imt_sdk_win_64/winavr/bin/../lib/gcc/avr/4.3.3/avr5\libgcc.a(_clz.o)
                0x00000cc6                . = ALIGN (0x2)
 *(.text.*)
 .text.GIE_State
                0x00000cc6       0x3c ./MCAL/Global_ISR/GIE_ISR_Programe.o
                0x00000cc6                GIE_State
 .text.EXT_ISR0Intial
                0x00000d02       0xd8 ./MCAL/EXT_ISR/EXT_ISR_Programe.o
                0x00000d02                EXT_ISR0Intial
 .text.EXT_ISR1Intial
                0x00000dda       0xb4 ./MCAL/EXT_ISR/EXT_ISR_Programe.o
                0x00000dda                EXT_ISR1Intial
 .text.EXT_ISR2Intial
                0x00000e8e       0x22 ./MCAL/EXT_ISR/EXT_ISR_Programe.o
                0x00000e8e                EXT_ISR2Intial
 .text.EXT_ISRFlag
                0x00000eb0       0x6e ./MCAL/EXT_ISR/EXT_ISR_Programe.o
                0x00000eb0                EXT_ISRFlag
 .text.Set_PinDirection
                0x00000f1e      0x1fe ./MCAL/DIO/Program.o
                0x00000f1e                Set_PinDirection
 .text.Set_PinValue
                0x0000111c      0x208 ./MCAL/DIO/Program.o
                0x0000111c                Set_PinValue
 .text.Set_PortDirection
                0x00001324      0x15e ./MCAL/DIO/Program.o
                0x00001324                Set_PortDirection
 .text.Set_PortValue
                0x00001482      0x166 ./MCAL/DIO/Program.o
                0x00001482                Set_PortValue
 .text.Get_PinValue
                0x000015e8       0xfc ./MCAL/DIO/Program.o
                0x000015e8                Get_PinValue
 .text.ADC_VoltageRef
                0x000016e4       0xce ./MCAL/ADC/ADC_Programe.o
                0x000016e4                ADC_VoltageRef
 .text.ADC_AdjustResult
                0x000017b2       0x76 ./MCAL/ADC/ADC_Programe.o
                0x000017b2                ADC_AdjustResult
 .text.ADC_SinglePinInput
                0x00001828      0x31c ./MCAL/ADC/ADC_Programe.o
                0x00001828                ADC_SinglePinInput
 .text.ADC_Control
                0x00001b44       0x90 ./MCAL/ADC/ADC_Programe.o
                0x00001b44                ADC_Control
 .text.ADC_DivisionFactor
                0x00001bd4      0x1ea ./MCAL/ADC/ADC_Programe.o
                0x00001bd4                ADC_DivisionFactor
 .text.ADC_TriggerSourc
                0x00001dbe      0x1ea ./MCAL/ADC/ADC_Programe.o
                0x00001dbe                ADC_TriggerSourc
 .text.SelfRead
                0x00001fa8       0x2c ./MCAL/ADC/ADC_Programe.o
                0x00001fa8                SelfRead
 .text.SensorLM35
                0x00001fd4       0x2c ./HAL/LM35/LM35_Programe.o
                0x00001fd4                SensorLM35
 .text.LED_ON   0x00002000       0x2c ./HAL/LED/LED_Program.o
                0x00002000                LED_ON
 .text.LED_OFF  0x0000202c       0x2c ./HAL/LED/LED_Program.o
                0x0000202c                LED_OFF
 .text.LED_Delay
                0x00002058      0x22e ./HAL/LED/LED_Program.o
                0x00002058                LED_Delay
 .text.LED_Port
                0x00002286       0x28 ./HAL/LED/LED_Program.o
                0x00002286                LED_Port
 .text.LED_PortDelay
                0x000022ae      0x226 ./HAL/LED/LED_Program.o
                0x000022ae                LED_PortDelay
 .text.LED_Switch
                0x000024d4     0x165e ./HAL/LED/LED_Program.o
                0x000024d4                LED_Switch
 .text.LCD_SendData
                0x00003b32      0x140 ./HAL/LCD/LCD_Programe.o
                0x00003b32                LCD_SendData
 .text.LCD_SendCommand
                0x00003c72      0x140 ./HAL/LCD/LCD_Programe.o
                0x00003c72                LCD_SendCommand
 .text.LCD_HWIntial
                0x00003db2       0x3e ./HAL/LCD/LCD_Programe.o
                0x00003db2                LCD_HWIntial
 .text.LCD_SWIntial
                0x00003df0      0x2f4 ./HAL/LCD/LCD_Programe.o
                0x00003df0                LCD_SWIntial
 .text.LCD_SendString
                0x000040e4       0x62 ./HAL/LCD/LCD_Programe.o
                0x000040e4                LCD_SendString
 .text.LCD_Number
                0x00004146       0x14 ./HAL/LCD/LCD_Programe.o
                0x00004146                LCD_Number
 .text.LCD_SendSpicialCharacter
                0x0000415a        0xe ./HAL/LCD/LCD_Programe.o
                0x0000415a                LCD_SendSpicialCharacter
 .text.Keybad_HWIntial
                0x00004168       0x24 ./HAL/KeyBad/Keybad_Programe.o
                0x00004168                Keybad_HWIntial
 .text.Keybad_SWIntial
                0x0000418c      0x1d4 ./HAL/KeyBad/Keybad_Programe.o
                0x0000418c                Keybad_SWIntial
 .text.Keybad_Value
                0x00004360      0x154 ./HAL/KeyBad/Keybad_Programe.o
 .text.Button_InitPullup
                0x000044b4       0x2c ./HAL/Button/Button_Programe.o
                0x000044b4                Button_InitPullup
 .text.Button_GetValue
                0x000044e0       0x20 ./HAL/Button/Button_Programe.o
                0x000044e0                Button_GetValue
 .text.Button_InitPullDown
                0x00004500       0x2c ./HAL/Button/Button_Programe.o
                0x00004500                Button_InitPullDown
 .text._7Segment_Init
                0x0000452c       0x1c ./HAL/7_Segment/7_Segment_Programe.o
                0x0000452c                _7Segment_Init
 .text._7Segment_Status
                0x00004548       0x70 ./HAL/7_Segment/7_Segment_Programe.o
                0x00004548                _7Segment_Status
 .text._7Segment_SpecificNumber
                0x000045b8       0xec ./HAL/7_Segment/7_Segment_Programe.o
                0x000045b8                _7Segment_SpecificNumber
 .text._7Segment0To9
                0x000046a4      0x202 ./HAL/7_Segment/7_Segment_Programe.o
                0x000046a4                _7Segment0To9
 .text.LM35_APP_1
                0x000048a6      0x13e ./APP/LM35_APP/LM35_APP.o
                0x000048a6                LM35_APP_1
 .text.LED_APP_1
                0x000049e4       0x14 ./APP/LED_APP/LED_APP.o
                0x000049e4                LED_APP_1
 .text.LED_APP_2
                0x000049f8      0x1ee ./APP/LED_APP/LED_APP.o
                0x000049f8                LED_APP_2
 .text.LED_APP_3
                0x00004be6       0x3c ./APP/LED_APP/LED_APP.o
                0x00004be6                LED_APP_3
 .text.LED_APP_4
                0x00004c22       0x12 ./APP/LED_APP/LED_APP.o
                0x00004c22                LED_APP_4
 .text.LED_APP_5
                0x00004c34      0x55c ./APP/LED_APP/LED_APP.o
                0x00004c34                LED_APP_5
 .text.LCD_APP_1
                0x00005190       0x3c ./APP/LCD_APP/LCD_APP.o
                0x00005190                LCD_APP_1
 .text.LCD_APP_2
                0x000051cc       0x44 ./APP/LCD_APP/LCD_APP.o
                0x000051cc                LCD_APP_2
 .text.num      0x00005210      0x11a ./APP/LCD_APP/LCD_APP.o
                0x00005210                num
 .text.LCD_APP_3
                0x0000532a      0x15c ./APP/LCD_APP/LCD_APP.o
                0x0000532a                LCD_APP_3
 .text.KEYBAD_APP_1
                0x00005486       0x54 ./APP/KEYBAD_APP/KEYBAD_APP.o
                0x00005486                KEYBAD_APP_1
 .text.KEYBAD_APP_2
                0x000054da       0x2e ./APP/KEYBAD_APP/KEYBAD_APP.o
                0x000054da                KEYBAD_APP_2
 .text.KEYBAD_APP_3
                0x00005508       0x2e ./APP/KEYBAD_APP/KEYBAD_APP.o
                0x00005508                KEYBAD_APP_3
 .text.EXT_APP_1
                0x00005536       0x2e ./APP/EXT_APP/EXT_APP.o
                0x00005536                EXT_APP_1
 .text.EXT_APP_2
                0x00005564        0xa ./APP/EXT_APP/EXT_APP.o
                0x00005564                EXT_APP_2
 .text.EXT_APP_3
                0x0000556e        0xa ./APP/EXT_APP/EXT_APP.o
                0x0000556e                EXT_APP_3
 .text.__vector_1
                0x00005578      0x156 ./APP/EXT_APP/EXT_APP.o
                0x00005578                __vector_1
 .text.__vector_2
                0x000056ce       0x20 ./APP/EXT_APP/EXT_APP.o
                0x000056ce                __vector_2
 .text.__vector_3
                0x000056ee       0x20 ./APP/EXT_APP/EXT_APP.o
                0x000056ee                __vector_3
 .text.ADC_APP_1
                0x0000570e       0x54 ./APP/ADC_APP/ADC_APP.o
                0x0000570e                ADC_APP_1
 .text.ADC_APP_2
                0x00005762        0xa ./APP/ADC_APP/ADC_APP.o
                0x00005762                ADC_APP_2
 .text.ADC_APP_3
                0x0000576c        0xa ./APP/ADC_APP/ADC_APP.o
                0x0000576c                ADC_APP_3
 .text._7SEGMENT_APP_1
                0x00005776       0x28 ./APP/7_SEGMENT_APP/7_SEGMENT_APP.o
                0x00005776                _7SEGMENT_APP_1
 .text._7SEGMENT_APP_2
                0x0000579e       0x22 ./APP/7_SEGMENT_APP/7_SEGMENT_APP.o
                0x0000579e                _7SEGMENT_APP_2
 .text._7SEGMENT_APP_3
                0x000057c0      0x36e ./APP/7_SEGMENT_APP/7_SEGMENT_APP.o
                0x000057c0                _7SEGMENT_APP_3
 .text._7SEGMENT_APP_4
                0x00005b2e        0xa ./APP/7_SEGMENT_APP/7_SEGMENT_APP.o
                0x00005b2e                _7SEGMENT_APP_4
 .text.main     0x00005b38       0x16 ./APP/main.o
                0x00005b38                main
 .text.libgcc   0x00005b4e        0x0 e:/embedded system/imt_sdk_win_64/winavr/bin/../lib/gcc/avr/4.3.3/avr5\libgcc.a(_exit.o)
 .text.libgcc   0x00005b4e        0x0 e:/embedded system/imt_sdk_win_64/winavr/bin/../lib/gcc/avr/4.3.3/avr5\libgcc.a(_copy_data.o)
 .text.libgcc   0x00005b4e       0x38 e:/embedded system/imt_sdk_win_64/winavr/bin/../lib/gcc/avr/4.3.3/avr5\libgcc.a(_prologue.o)
                0x00005b4e                __prologue_saves__
 .text.libgcc   0x00005b86       0x36 e:/embedded system/imt_sdk_win_64/winavr/bin/../lib/gcc/avr/4.3.3/avr5\libgcc.a(_epilogue.o)
                0x00005b86                __epilogue_restores__
                0x00005bbc                . = ALIGN (0x2)
 *(.fini9)
 .fini9         0x00005bbc        0x0 e:/embedded system/imt_sdk_win_64/winavr/bin/../lib/gcc/avr/4.3.3/avr5\libgcc.a(_exit.o)
                0x00005bbc                exit
                0x00005bbc                _exit
 *(.fini9)
 *(.fini8)
 *(.fini8)
 *(.fini7)
 *(.fini7)
 *(.fini6)
 *(.fini6)
 *(.fini5)
 *(.fini5)
 *(.fini4)
 *(.fini4)
 *(.fini3)
 *(.fini3)
 *(.fini2)
 *(.fini2)
 *(.fini1)
 *(.fini1)
 *(.fini0)
 .fini0         0x00005bbc        0x4 e:/embedded system/imt_sdk_win_64/winavr/bin/../lib/gcc/avr/4.3.3/avr5\libgcc.a(_exit.o)
 *(.fini0)
                0x00005bc0                _etext = .

.data           0x00800060      0x168 load address 0x00005bc0
                0x00800060                PROVIDE (__data_start, .)
 *(.data)
 .data          0x00800060        0x0 e:/embedded system/imt_sdk_win_64/winavr/bin/../lib/gcc/avr/4.3.3/../../../../avr/lib/avr5/crtm32.o
 .data          0x00800060        0x0 ./MCAL/Global_ISR/GIE_ISR_Programe.o
 .data          0x00800060        0x0 ./MCAL/EXT_ISR/EXT_ISR_Programe.o
 .data          0x00800060        0x0 ./MCAL/DIO/Program.o
 .data          0x00800060        0x0 ./MCAL/ADC/ADC_Programe.o
 .data          0x00800060        0x0 ./HAL/LM35/LM35_Programe.o
 .data          0x00800060        0x0 ./HAL/LED/LED_Program.o
 .data          0x00800060        0x0 ./HAL/LCD/LCD_Programe.o
 .data          0x00800060        0x0 ./HAL/KeyBad/Keybad_Programe.o
 .data          0x00800060        0x0 ./HAL/Button/Button_Programe.o
 .data          0x00800060        0x0 ./HAL/7_Segment/7_Segment_Programe.o
 .data          0x00800060        0xd ./APP/LM35_APP/LM35_APP.o
 .data          0x0080006d        0x0 ./APP/LED_APP/LED_APP.o
 .data          0x0080006d        0xd ./APP/LCD_APP/LCD_APP.o
 .data          0x0080007a        0xd ./APP/KEYBAD_APP/KEYBAD_APP.o
 .data          0x00800087        0x0 ./APP/EXT_APP/EXT_APP.o
 .data          0x00800087        0x0 ./APP/ADC_APP/ADC_APP.o
 .data          0x00800087        0x0 ./APP/7_SEGMENT_APP/7_SEGMENT_APP.o
 .data          0x00800087        0x0 ./APP/main.o
 .data          0x00800087        0x0 e:/embedded system/imt_sdk_win_64/winavr/bin/../lib/gcc/avr/4.3.3/avr5\libgcc.a(_exit.o)
 .data          0x00800087        0x0 e:/embedded system/imt_sdk_win_64/winavr/bin/../lib/gcc/avr/4.3.3/avr5\libgcc.a(_copy_data.o)
 .data          0x00800087        0x0 e:/embedded system/imt_sdk_win_64/winavr/bin/../lib/gcc/avr/4.3.3/avr5\libgcc.a(_fixunssfsi.o)
 .data          0x00800087        0x0 e:/embedded system/imt_sdk_win_64/winavr/bin/../lib/gcc/avr/4.3.3/avr5\libgcc.a(_addsub_sf.o)
 .data          0x00800087        0x0 e:/embedded system/imt_sdk_win_64/winavr/bin/../lib/gcc/avr/4.3.3/avr5\libgcc.a(_mul_sf.o)
 .data          0x00800087        0x0 e:/embedded system/imt_sdk_win_64/winavr/bin/../lib/gcc/avr/4.3.3/avr5\libgcc.a(_gt_sf.o)
 .data          0x00800087        0x0 e:/embedded system/imt_sdk_win_64/winavr/bin/../lib/gcc/avr/4.3.3/avr5\libgcc.a(_ge_sf.o)
 .data          0x00800087        0x0 e:/embedded system/imt_sdk_win_64/winavr/bin/../lib/gcc/avr/4.3.3/avr5\libgcc.a(_lt_sf.o)
 .data          0x00800087        0x0 e:/embedded system/imt_sdk_win_64/winavr/bin/../lib/gcc/avr/4.3.3/avr5\libgcc.a(_sf_to_si.o)
 .data          0x00800087        0x8 e:/embedded system/imt_sdk_win_64/winavr/bin/../lib/gcc/avr/4.3.3/avr5\libgcc.a(_thenan_sf.o)
                0x00800087                __thenan_sf
 .data          0x0080008f        0x0 e:/embedded system/imt_sdk_win_64/winavr/bin/../lib/gcc/avr/4.3.3/avr5\libgcc.a(_usi_to_sf.o)
 .data          0x0080008f        0x0 e:/embedded system/imt_sdk_win_64/winavr/bin/../lib/gcc/avr/4.3.3/avr5\libgcc.a(_prologue.o)
 .data          0x0080008f        0x0 e:/embedded system/imt_sdk_win_64/winavr/bin/../lib/gcc/avr/4.3.3/avr5\libgcc.a(_epilogue.o)
 .data          0x0080008f        0x0 e:/embedded system/imt_sdk_win_64/winavr/bin/../lib/gcc/avr/4.3.3/avr5\libgcc.a(_clzsi2.o)
 .data          0x0080008f        0x0 e:/embedded system/imt_sdk_win_64/winavr/bin/../lib/gcc/avr/4.3.3/avr5\libgcc.a(_pack_sf.o)
 .data          0x0080008f        0x0 e:/embedded system/imt_sdk_win_64/winavr/bin/../lib/gcc/avr/4.3.3/avr5\libgcc.a(_unpack_sf.o)
 .data          0x0080008f        0x0 e:/embedded system/imt_sdk_win_64/winavr/bin/../lib/gcc/avr/4.3.3/avr5\libgcc.a(_fpcmp_parts_sf.o)
 .data          0x0080008f      0x100 e:/embedded system/imt_sdk_win_64/winavr/bin/../lib/gcc/avr/4.3.3/avr5\libgcc.a(_clz.o)
                0x0080008f                __clz_tab
 *(.data*)
 *(.rodata)
 *(.rodata*)
 .rodata.C.0.1307
                0x0080018f       0x10 ./HAL/KeyBad/Keybad_Programe.o
 .rodata.C.1.1304
                0x0080019f        0xa ./HAL/7_Segment/7_Segment_Programe.o
 .rodata.C.0.1303
                0x008001a9        0xa ./HAL/7_Segment/7_Segment_Programe.o
 .rodata.C.3.1328
                0x008001b3        0xa ./HAL/7_Segment/7_Segment_Programe.o
 .rodata.C.2.1327
                0x008001bd        0xa ./HAL/7_Segment/7_Segment_Programe.o
 *(.gnu.linkonce.d*)
                0x008001c8                . = ALIGN (0x2)
 *fill*         0x008001c7        0x1 00
                0x008001c8                _edata = .
                0x008001c8                PROVIDE (__data_end, .)

.bss            0x008001c8        0x0
                0x008001c8                PROVIDE (__bss_start, .)
 *(.bss)
 .bss           0x008001c8        0x0 e:/embedded system/imt_sdk_win_64/winavr/bin/../lib/gcc/avr/4.3.3/../../../../avr/lib/avr5/crtm32.o
 .bss           0x008001c8        0x0 ./MCAL/Global_ISR/GIE_ISR_Programe.o
 .bss           0x008001c8        0x0 ./MCAL/EXT_ISR/EXT_ISR_Programe.o
 .bss           0x008001c8        0x0 ./MCAL/DIO/Program.o
 .bss           0x008001c8        0x0 ./MCAL/ADC/ADC_Programe.o
 .bss           0x008001c8        0x0 ./HAL/LM35/LM35_Programe.o
 .bss           0x008001c8        0x0 ./HAL/LED/LED_Program.o
 .bss           0x008001c8        0x0 ./HAL/LCD/LCD_Programe.o
 .bss           0x008001c8        0x0 ./HAL/KeyBad/Keybad_Programe.o
 .bss           0x008001c8        0x0 ./HAL/Button/Button_Programe.o
 .bss           0x008001c8        0x0 ./HAL/7_Segment/7_Segment_Programe.o
 .bss           0x008001c8        0x0 ./APP/LM35_APP/LM35_APP.o
 .bss           0x008001c8        0x0 ./APP/LED_APP/LED_APP.o
 .bss           0x008001c8        0x0 ./APP/LCD_APP/LCD_APP.o
 .bss           0x008001c8        0x0 ./APP/KEYBAD_APP/KEYBAD_APP.o
 .bss           0x008001c8        0x0 ./APP/EXT_APP/EXT_APP.o
 .bss           0x008001c8        0x0 ./APP/ADC_APP/ADC_APP.o
 .bss           0x008001c8        0x0 ./APP/7_SEGMENT_APP/7_SEGMENT_APP.o
 .bss           0x008001c8        0x0 ./APP/main.o
 .bss           0x008001c8        0x0 e:/embedded system/imt_sdk_win_64/winavr/bin/../lib/gcc/avr/4.3.3/avr5\libgcc.a(_exit.o)
 .bss           0x008001c8        0x0 e:/embedded system/imt_sdk_win_64/winavr/bin/../lib/gcc/avr/4.3.3/avr5\libgcc.a(_copy_data.o)
 .bss           0x008001c8        0x0 e:/embedded system/imt_sdk_win_64/winavr/bin/../lib/gcc/avr/4.3.3/avr5\libgcc.a(_fixunssfsi.o)
 .bss           0x008001c8        0x0 e:/embedded system/imt_sdk_win_64/winavr/bin/../lib/gcc/avr/4.3.3/avr5\libgcc.a(_addsub_sf.o)
 .bss           0x008001c8        0x0 e:/embedded system/imt_sdk_win_64/winavr/bin/../lib/gcc/avr/4.3.3/avr5\libgcc.a(_mul_sf.o)
 .bss           0x008001c8        0x0 e:/embedded system/imt_sdk_win_64/winavr/bin/../lib/gcc/avr/4.3.3/avr5\libgcc.a(_gt_sf.o)
 .bss           0x008001c8        0x0 e:/embedded system/imt_sdk_win_64/winavr/bin/../lib/gcc/avr/4.3.3/avr5\libgcc.a(_ge_sf.o)
 .bss           0x008001c8        0x0 e:/embedded system/imt_sdk_win_64/winavr/bin/../lib/gcc/avr/4.3.3/avr5\libgcc.a(_lt_sf.o)
 .bss           0x008001c8        0x0 e:/embedded system/imt_sdk_win_64/winavr/bin/../lib/gcc/avr/4.3.3/avr5\libgcc.a(_sf_to_si.o)
 .bss           0x008001c8        0x0 e:/embedded system/imt_sdk_win_64/winavr/bin/../lib/gcc/avr/4.3.3/avr5\libgcc.a(_thenan_sf.o)
 .bss           0x008001c8        0x0 e:/embedded system/imt_sdk_win_64/winavr/bin/../lib/gcc/avr/4.3.3/avr5\libgcc.a(_usi_to_sf.o)
 .bss           0x008001c8        0x0 e:/embedded system/imt_sdk_win_64/winavr/bin/../lib/gcc/avr/4.3.3/avr5\libgcc.a(_prologue.o)
 .bss           0x008001c8        0x0 e:/embedded system/imt_sdk_win_64/winavr/bin/../lib/gcc/avr/4.3.3/avr5\libgcc.a(_epilogue.o)
 .bss           0x008001c8        0x0 e:/embedded system/imt_sdk_win_64/winavr/bin/../lib/gcc/avr/4.3.3/avr5\libgcc.a(_clzsi2.o)
 .bss           0x008001c8        0x0 e:/embedded system/imt_sdk_win_64/winavr/bin/../lib/gcc/avr/4.3.3/avr5\libgcc.a(_pack_sf.o)
 .bss           0x008001c8        0x0 e:/embedded system/imt_sdk_win_64/winavr/bin/../lib/gcc/avr/4.3.3/avr5\libgcc.a(_unpack_sf.o)
 .bss           0x008001c8        0x0 e:/embedded system/imt_sdk_win_64/winavr/bin/../lib/gcc/avr/4.3.3/avr5\libgcc.a(_fpcmp_parts_sf.o)
 .bss           0x008001c8        0x0 e:/embedded system/imt_sdk_win_64/winavr/bin/../lib/gcc/avr/4.3.3/avr5\libgcc.a(_clz.o)
 *(.bss*)
 *(COMMON)
                0x008001c8                PROVIDE (__bss_end, .)
                0x00005bc0                __data_load_start = LOADADDR (.data)
                0x00005d28                __data_load_end = (__data_load_start + SIZEOF (.data))

.noinit         0x008001c8        0x0
                0x008001c8                PROVIDE (__noinit_start, .)
 *(.noinit*)
                0x008001c8                PROVIDE (__noinit_end, .)
                0x008001c8                _end = .
                0x008001c8                PROVIDE (__heap_start, .)

.eeprom         0x00810000        0x0
 *(.eeprom*)
                0x00810000                __eeprom_end = .

.fuse
 *(.fuse)
 *(.lfuse)
 *(.hfuse)
 *(.efuse)

.lock
 *(.lock*)

.signature
 *(.signature*)

.stab           0x00000000     0x5f64
 *(.stab)
 .stab          0x00000000      0x390 ./MCAL/Global_ISR/GIE_ISR_Programe.o
 .stab          0x00000390      0x3fc ./MCAL/EXT_ISR/EXT_ISR_Programe.o
                                0x5a0 (size before relaxing)
 .stab          0x0000078c      0x5ac ./MCAL/DIO/Program.o
                                0x5b8 (size before relaxing)
 .stab          0x00000d38      0x8ac ./MCAL/ADC/ADC_Programe.o
                                0xa50 (size before relaxing)
 .stab          0x000015e4      0x1ec ./HAL/LM35/LM35_Programe.o
                                0x390 (size before relaxing)
 .stab          0x000017d0     0x1350 ./HAL/LED/LED_Program.o
                               0x14f4 (size before relaxing)
 .stab          0x00002b20      0x7e0 ./HAL/LCD/LCD_Programe.o
                                0x984 (size before relaxing)
 .stab          0x00003300      0x4c8 ./HAL/KeyBad/Keybad_Programe.o
                                0x66c (size before relaxing)
 .stab          0x000037c8      0x27c ./HAL/Button/Button_Programe.o
                                0x420 (size before relaxing)
 .stab          0x00003a44      0x528 ./HAL/7_Segment/7_Segment_Programe.o
                                0x6cc (size before relaxing)
 .stab          0x00003f6c      0x2a0 ./APP/LM35_APP/LM35_APP.o
                                0x444 (size before relaxing)
 .stab          0x0000420c      0x870 ./APP/LED_APP/LED_APP.o
                                0xa14 (size before relaxing)
 .stab          0x00004a7c      0x480 ./APP/LCD_APP/LCD_APP.o
                                0x624 (size before relaxing)
 .stab          0x00004efc      0x2d0 ./APP/KEYBAD_APP/KEYBAD_APP.o
                                0x474 (size before relaxing)
 .stab          0x000051cc      0x360 ./APP/EXT_APP/EXT_APP.o
                                0x504 (size before relaxing)
 .stab          0x0000552c      0x288 ./APP/ADC_APP/ADC_APP.o
                                0x42c (size before relaxing)
 .stab          0x000057b4      0x5b8 ./APP/7_SEGMENT_APP/7_SEGMENT_APP.o
                                0x75c (size before relaxing)
 .stab          0x00005d6c      0x1f8 ./APP/main.o
                                0x39c (size before relaxing)

.stabstr        0x00000000     0x1a3f
 *(.stabstr)
 .stabstr       0x00000000     0x1a3f ./MCAL/Global_ISR/GIE_ISR_Programe.o

.stab.excl
 *(.stab.excl)

.stab.exclstr
 *(.stab.exclstr)

.stab.index
 *(.stab.index)

.stab.indexstr
 *(.stab.indexstr)

.comment
 *(.comment)

.debug
 *(.debug)

.line
 *(.line)

.debug_srcinfo
 *(.debug_srcinfo)

.debug_sfnames
 *(.debug_sfnames)

.debug_aranges  0x00000000      0x180
 *(.debug_aranges)
 .debug_aranges
                0x00000000       0x20 e:/embedded system/imt_sdk_win_64/winavr/bin/../lib/gcc/avr/4.3.3/avr5\libgcc.a(_fixunssfsi.o)
 .debug_aranges
                0x00000020       0x20 e:/embedded system/imt_sdk_win_64/winavr/bin/../lib/gcc/avr/4.3.3/avr5\libgcc.a(_addsub_sf.o)
 .debug_aranges
                0x00000040       0x20 e:/embedded system/imt_sdk_win_64/winavr/bin/../lib/gcc/avr/4.3.3/avr5\libgcc.a(_mul_sf.o)
 .debug_aranges
                0x00000060       0x20 e:/embedded system/imt_sdk_win_64/winavr/bin/../lib/gcc/avr/4.3.3/avr5\libgcc.a(_gt_sf.o)
 .debug_aranges
                0x00000080       0x20 e:/embedded system/imt_sdk_win_64/winavr/bin/../lib/gcc/avr/4.3.3/avr5\libgcc.a(_ge_sf.o)
 .debug_aranges
                0x000000a0       0x20 e:/embedded system/imt_sdk_win_64/winavr/bin/../lib/gcc/avr/4.3.3/avr5\libgcc.a(_lt_sf.o)
 .debug_aranges
                0x000000c0       0x20 e:/embedded system/imt_sdk_win_64/winavr/bin/../lib/gcc/avr/4.3.3/avr5\libgcc.a(_sf_to_si.o)
 .debug_aranges
                0x000000e0       0x20 e:/embedded system/imt_sdk_win_64/winavr/bin/../lib/gcc/avr/4.3.3/avr5\libgcc.a(_usi_to_sf.o)
 .debug_aranges
                0x00000100       0x20 e:/embedded system/imt_sdk_win_64/winavr/bin/../lib/gcc/avr/4.3.3/avr5\libgcc.a(_clzsi2.o)
 .debug_aranges
                0x00000120       0x20 e:/embedded system/imt_sdk_win_64/winavr/bin/../lib/gcc/avr/4.3.3/avr5\libgcc.a(_pack_sf.o)
 .debug_aranges
                0x00000140       0x20 e:/embedded system/imt_sdk_win_64/winavr/bin/../lib/gcc/avr/4.3.3/avr5\libgcc.a(_unpack_sf.o)
 .debug_aranges
                0x00000160       0x20 e:/embedded system/imt_sdk_win_64/winavr/bin/../lib/gcc/avr/4.3.3/avr5\libgcc.a(_fpcmp_parts_sf.o)

.debug_pubnames
                0x00000000      0x1d3
 *(.debug_pubnames)
 .debug_pubnames
                0x00000000       0x23 e:/embedded system/imt_sdk_win_64/winavr/bin/../lib/gcc/avr/4.3.3/avr5\libgcc.a(_fixunssfsi.o)
 .debug_pubnames
                0x00000023       0x2c e:/embedded system/imt_sdk_win_64/winavr/bin/../lib/gcc/avr/4.3.3/avr5\libgcc.a(_addsub_sf.o)
 .debug_pubnames
                0x0000004f       0x1f e:/embedded system/imt_sdk_win_64/winavr/bin/../lib/gcc/avr/4.3.3/avr5\libgcc.a(_mul_sf.o)
 .debug_pubnames
                0x0000006e       0x1e e:/embedded system/imt_sdk_win_64/winavr/bin/../lib/gcc/avr/4.3.3/avr5\libgcc.a(_gt_sf.o)
 .debug_pubnames
                0x0000008c       0x1e e:/embedded system/imt_sdk_win_64/winavr/bin/../lib/gcc/avr/4.3.3/avr5\libgcc.a(_ge_sf.o)
 .debug_pubnames
                0x000000aa       0x1e e:/embedded system/imt_sdk_win_64/winavr/bin/../lib/gcc/avr/4.3.3/avr5\libgcc.a(_lt_sf.o)
 .debug_pubnames
                0x000000c8       0x20 e:/embedded system/imt_sdk_win_64/winavr/bin/../lib/gcc/avr/4.3.3/avr5\libgcc.a(_sf_to_si.o)
 .debug_pubnames
                0x000000e8       0x22 e:/embedded system/imt_sdk_win_64/winavr/bin/../lib/gcc/avr/4.3.3/avr5\libgcc.a(_thenan_sf.o)
 .debug_pubnames
                0x0000010a       0x24 e:/embedded system/imt_sdk_win_64/winavr/bin/../lib/gcc/avr/4.3.3/avr5\libgcc.a(_usi_to_sf.o)
 .debug_pubnames
                0x0000012e       0x1f e:/embedded system/imt_sdk_win_64/winavr/bin/../lib/gcc/avr/4.3.3/avr5\libgcc.a(_clzsi2.o)
 .debug_pubnames
                0x0000014d       0x1f e:/embedded system/imt_sdk_win_64/winavr/bin/../lib/gcc/avr/4.3.3/avr5\libgcc.a(_pack_sf.o)
 .debug_pubnames
                0x0000016c       0x21 e:/embedded system/imt_sdk_win_64/winavr/bin/../lib/gcc/avr/4.3.3/avr5\libgcc.a(_unpack_sf.o)
 .debug_pubnames
                0x0000018d       0x26 e:/embedded system/imt_sdk_win_64/winavr/bin/../lib/gcc/avr/4.3.3/avr5\libgcc.a(_fpcmp_parts_sf.o)
 .debug_pubnames
                0x000001b3       0x20 e:/embedded system/imt_sdk_win_64/winavr/bin/../lib/gcc/avr/4.3.3/avr5\libgcc.a(_clz.o)

.debug_info     0x00000000     0x200f
 *(.debug_info)
 .debug_info    0x00000000       0xb1 e:/embedded system/imt_sdk_win_64/winavr/bin/../lib/gcc/avr/4.3.3/avr5\libgcc.a(_fixunssfsi.o)
 .debug_info    0x000000b1      0x47a e:/embedded system/imt_sdk_win_64/winavr/bin/../lib/gcc/avr/4.3.3/avr5\libgcc.a(_addsub_sf.o)
 .debug_info    0x0000052b      0x485 e:/embedded system/imt_sdk_win_64/winavr/bin/../lib/gcc/avr/4.3.3/avr5\libgcc.a(_mul_sf.o)
 .debug_info    0x000009b0      0x27f e:/embedded system/imt_sdk_win_64/winavr/bin/../lib/gcc/avr/4.3.3/avr5\libgcc.a(_gt_sf.o)
 .debug_info    0x00000c2f      0x27f e:/embedded system/imt_sdk_win_64/winavr/bin/../lib/gcc/avr/4.3.3/avr5\libgcc.a(_ge_sf.o)
 .debug_info    0x00000eae      0x27f e:/embedded system/imt_sdk_win_64/winavr/bin/../lib/gcc/avr/4.3.3/avr5\libgcc.a(_lt_sf.o)
 .debug_info    0x0000112d      0x2b0 e:/embedded system/imt_sdk_win_64/winavr/bin/../lib/gcc/avr/4.3.3/avr5\libgcc.a(_sf_to_si.o)
 .debug_info    0x000013dd      0x12c e:/embedded system/imt_sdk_win_64/winavr/bin/../lib/gcc/avr/4.3.3/avr5\libgcc.a(_thenan_sf.o)
 .debug_info    0x00001509      0x206 e:/embedded system/imt_sdk_win_64/winavr/bin/../lib/gcc/avr/4.3.3/avr5\libgcc.a(_usi_to_sf.o)
 .debug_info    0x0000170f      0x117 e:/embedded system/imt_sdk_win_64/winavr/bin/../lib/gcc/avr/4.3.3/avr5\libgcc.a(_clzsi2.o)
 .debug_info    0x00001826      0x2df e:/embedded system/imt_sdk_win_64/winavr/bin/../lib/gcc/avr/4.3.3/avr5\libgcc.a(_pack_sf.o)
 .debug_info    0x00001b05      0x251 e:/embedded system/imt_sdk_win_64/winavr/bin/../lib/gcc/avr/4.3.3/avr5\libgcc.a(_unpack_sf.o)
 .debug_info    0x00001d56      0x210 e:/embedded system/imt_sdk_win_64/winavr/bin/../lib/gcc/avr/4.3.3/avr5\libgcc.a(_fpcmp_parts_sf.o)
 .debug_info    0x00001f66       0xa9 e:/embedded system/imt_sdk_win_64/winavr/bin/../lib/gcc/avr/4.3.3/avr5\libgcc.a(_clz.o)
 *(.gnu.linkonce.wi.*)

.debug_abbrev   0x00000000     0x1170
 *(.debug_abbrev)
 .debug_abbrev  0x00000000       0x5d e:/embedded system/imt_sdk_win_64/winavr/bin/../lib/gcc/avr/4.3.3/avr5\libgcc.a(_fixunssfsi.o)
 .debug_abbrev  0x0000005d      0x1ea e:/embedded system/imt_sdk_win_64/winavr/bin/../lib/gcc/avr/4.3.3/avr5\libgcc.a(_addsub_sf.o)
 .debug_abbrev  0x00000247      0x21b e:/embedded system/imt_sdk_win_64/winavr/bin/../lib/gcc/avr/4.3.3/avr5\libgcc.a(_mul_sf.o)
 .debug_abbrev  0x00000462      0x15a e:/embedded system/imt_sdk_win_64/winavr/bin/../lib/gcc/avr/4.3.3/avr5\libgcc.a(_gt_sf.o)
 .debug_abbrev  0x000005bc      0x15a e:/embedded system/imt_sdk_win_64/winavr/bin/../lib/gcc/avr/4.3.3/avr5\libgcc.a(_ge_sf.o)
 .debug_abbrev  0x00000716      0x15a e:/embedded system/imt_sdk_win_64/winavr/bin/../lib/gcc/avr/4.3.3/avr5\libgcc.a(_lt_sf.o)
 .debug_abbrev  0x00000870      0x17f e:/embedded system/imt_sdk_win_64/winavr/bin/../lib/gcc/avr/4.3.3/avr5\libgcc.a(_sf_to_si.o)
 .debug_abbrev  0x000009ef       0xad e:/embedded system/imt_sdk_win_64/winavr/bin/../lib/gcc/avr/4.3.3/avr5\libgcc.a(_thenan_sf.o)
 .debug_abbrev  0x00000a9c      0x157 e:/embedded system/imt_sdk_win_64/winavr/bin/../lib/gcc/avr/4.3.3/avr5\libgcc.a(_usi_to_sf.o)
 .debug_abbrev  0x00000bf3       0xc4 e:/embedded system/imt_sdk_win_64/winavr/bin/../lib/gcc/avr/4.3.3/avr5\libgcc.a(_clzsi2.o)
 .debug_abbrev  0x00000cb7      0x1c0 e:/embedded system/imt_sdk_win_64/winavr/bin/../lib/gcc/avr/4.3.3/avr5\libgcc.a(_pack_sf.o)
 .debug_abbrev  0x00000e77      0x154 e:/embedded system/imt_sdk_win_64/winavr/bin/../lib/gcc/avr/4.3.3/avr5\libgcc.a(_unpack_sf.o)
 .debug_abbrev  0x00000fcb      0x13b e:/embedded system/imt_sdk_win_64/winavr/bin/../lib/gcc/avr/4.3.3/avr5\libgcc.a(_fpcmp_parts_sf.o)
 .debug_abbrev  0x00001106       0x6a e:/embedded system/imt_sdk_win_64/winavr/bin/../lib/gcc/avr/4.3.3/avr5\libgcc.a(_clz.o)

.debug_line     0x00000000     0x1001
 *(.debug_line)
 .debug_line    0x00000000       0xa7 e:/embedded system/imt_sdk_win_64/winavr/bin/../lib/gcc/avr/4.3.3/avr5\libgcc.a(_fixunssfsi.o)
 .debug_line    0x000000a7      0x2af e:/embedded system/imt_sdk_win_64/winavr/bin/../lib/gcc/avr/4.3.3/avr5\libgcc.a(_addsub_sf.o)
 .debug_line    0x00000356      0x239 e:/embedded system/imt_sdk_win_64/winavr/bin/../lib/gcc/avr/4.3.3/avr5\libgcc.a(_mul_sf.o)
 .debug_line    0x0000058f       0xd3 e:/embedded system/imt_sdk_win_64/winavr/bin/../lib/gcc/avr/4.3.3/avr5\libgcc.a(_gt_sf.o)
 .debug_line    0x00000662       0xd3 e:/embedded system/imt_sdk_win_64/winavr/bin/../lib/gcc/avr/4.3.3/avr5\libgcc.a(_ge_sf.o)
 .debug_line    0x00000735       0xd3 e:/embedded system/imt_sdk_win_64/winavr/bin/../lib/gcc/avr/4.3.3/avr5\libgcc.a(_lt_sf.o)
 .debug_line    0x00000808      0x109 e:/embedded system/imt_sdk_win_64/winavr/bin/../lib/gcc/avr/4.3.3/avr5\libgcc.a(_sf_to_si.o)
 .debug_line    0x00000911       0x90 e:/embedded system/imt_sdk_win_64/winavr/bin/../lib/gcc/avr/4.3.3/avr5\libgcc.a(_thenan_sf.o)
 .debug_line    0x000009a1      0x133 e:/embedded system/imt_sdk_win_64/winavr/bin/../lib/gcc/avr/4.3.3/avr5\libgcc.a(_usi_to_sf.o)
 .debug_line    0x00000ad4       0xa5 e:/embedded system/imt_sdk_win_64/winavr/bin/../lib/gcc/avr/4.3.3/avr5\libgcc.a(_clzsi2.o)
 .debug_line    0x00000b79      0x18a e:/embedded system/imt_sdk_win_64/winavr/bin/../lib/gcc/avr/4.3.3/avr5\libgcc.a(_pack_sf.o)
 .debug_line    0x00000d03      0x14b e:/embedded system/imt_sdk_win_64/winavr/bin/../lib/gcc/avr/4.3.3/avr5\libgcc.a(_unpack_sf.o)
 .debug_line    0x00000e4e      0x137 e:/embedded system/imt_sdk_win_64/winavr/bin/../lib/gcc/avr/4.3.3/avr5\libgcc.a(_fpcmp_parts_sf.o)
 .debug_line    0x00000f85       0x7c e:/embedded system/imt_sdk_win_64/winavr/bin/../lib/gcc/avr/4.3.3/avr5\libgcc.a(_clz.o)

.debug_frame    0x00000000      0x1a0
 *(.debug_frame)
 .debug_frame   0x00000000       0x20 e:/embedded system/imt_sdk_win_64/winavr/bin/../lib/gcc/avr/4.3.3/avr5\libgcc.a(_fixunssfsi.o)
 .debug_frame   0x00000020       0x40 e:/embedded system/imt_sdk_win_64/winavr/bin/../lib/gcc/avr/4.3.3/avr5\libgcc.a(_addsub_sf.o)
 .debug_frame   0x00000060       0x20 e:/embedded system/imt_sdk_win_64/winavr/bin/../lib/gcc/avr/4.3.3/avr5\libgcc.a(_mul_sf.o)
 .debug_frame   0x00000080       0x20 e:/embedded system/imt_sdk_win_64/winavr/bin/../lib/gcc/avr/4.3.3/avr5\libgcc.a(_gt_sf.o)
 .debug_frame   0x000000a0       0x20 e:/embedded system/imt_sdk_win_64/winavr/bin/../lib/gcc/avr/4.3.3/avr5\libgcc.a(_ge_sf.o)
 .debug_frame   0x000000c0       0x20 e:/embedded system/imt_sdk_win_64/winavr/bin/../lib/gcc/avr/4.3.3/avr5\libgcc.a(_lt_sf.o)
 .debug_frame   0x000000e0       0x20 e:/embedded system/imt_sdk_win_64/winavr/bin/../lib/gcc/avr/4.3.3/avr5\libgcc.a(_sf_to_si.o)
 .debug_frame   0x00000100       0x20 e:/embedded system/imt_sdk_win_64/winavr/bin/../lib/gcc/avr/4.3.3/avr5\libgcc.a(_usi_to_sf.o)
 .debug_frame   0x00000120       0x20 e:/embedded system/imt_sdk_win_64/winavr/bin/../lib/gcc/avr/4.3.3/avr5\libgcc.a(_clzsi2.o)
 .debug_frame   0x00000140       0x20 e:/embedded system/imt_sdk_win_64/winavr/bin/../lib/gcc/avr/4.3.3/avr5\libgcc.a(_pack_sf.o)
 .debug_frame   0x00000160       0x20 e:/embedded system/imt_sdk_win_64/winavr/bin/../lib/gcc/avr/4.3.3/avr5\libgcc.a(_unpack_sf.o)
 .debug_frame   0x00000180       0x20 e:/embedded system/imt_sdk_win_64/winavr/bin/../lib/gcc/avr/4.3.3/avr5\libgcc.a(_fpcmp_parts_sf.o)

.debug_str      0x00000000      0x2c1
 *(.debug_str)
 .debug_str     0x00000000       0xbf e:/embedded system/imt_sdk_win_64/winavr/bin/../lib/gcc/avr/4.3.3/avr5\libgcc.a(_fixunssfsi.o)
                                 0xfe (size before relaxing)
 .debug_str     0x000000bf      0x14d e:/embedded system/imt_sdk_win_64/winavr/bin/../lib/gcc/avr/4.3.3/avr5\libgcc.a(_addsub_sf.o)
                                0x206 (size before relaxing)
 .debug_str     0x0000020c       0x27 e:/embedded system/imt_sdk_win_64/winavr/bin/../lib/gcc/avr/4.3.3/avr5\libgcc.a(_mul_sf.o)
                                0x1bf (size before relaxing)
 .debug_str     0x00000233        0x8 e:/embedded system/imt_sdk_win_64/winavr/bin/../lib/gcc/avr/4.3.3/avr5\libgcc.a(_gt_sf.o)
                                0x195 (size before relaxing)
 .debug_str     0x0000023b        0x8 e:/embedded system/imt_sdk_win_64/winavr/bin/../lib/gcc/avr/4.3.3/avr5\libgcc.a(_ge_sf.o)
                                0x195 (size before relaxing)
 .debug_str     0x00000243        0x8 e:/embedded system/imt_sdk_win_64/winavr/bin/../lib/gcc/avr/4.3.3/avr5\libgcc.a(_lt_sf.o)
                                0x195 (size before relaxing)
 .debug_str     0x0000024b        0xa e:/embedded system/imt_sdk_win_64/winavr/bin/../lib/gcc/avr/4.3.3/avr5\libgcc.a(_sf_to_si.o)
                                0x19e (size before relaxing)
 .debug_str     0x00000000      0x103 e:/embedded system/imt_sdk_win_64/winavr/bin/../lib/gcc/avr/4.3.3/avr5\libgcc.a(_thenan_sf.o)
 .debug_str     0x00000255       0x21 e:/embedded system/imt_sdk_win_64/winavr/bin/../lib/gcc/avr/4.3.3/avr5\libgcc.a(_usi_to_sf.o)
                                0x177 (size before relaxing)
 .debug_str     0x00000276       0x20 e:/embedded system/imt_sdk_win_64/winavr/bin/../lib/gcc/avr/4.3.3/avr5\libgcc.a(_clzsi2.o)
                                0x111 (size before relaxing)
 .debug_str     0x00000296       0x10 e:/embedded system/imt_sdk_win_64/winavr/bin/../lib/gcc/avr/4.3.3/avr5\libgcc.a(_pack_sf.o)
                                0x19d (size before relaxing)
 .debug_str     0x000002a6        0xb e:/embedded system/imt_sdk_win_64/winavr/bin/../lib/gcc/avr/4.3.3/avr5\libgcc.a(_unpack_sf.o)
                                0x17f (size before relaxing)
 .debug_str     0x000002b1       0x10 e:/embedded system/imt_sdk_win_64/winavr/bin/../lib/gcc/avr/4.3.3/avr5\libgcc.a(_fpcmp_parts_sf.o)
                                0x163 (size before relaxing)
 .debug_str     0x00000000       0xf4 e:/embedded system/imt_sdk_win_64/winavr/bin/../lib/gcc/avr/4.3.3/avr5\libgcc.a(_clz.o)

.debug_loc      0x00000000      0x8ae
 *(.debug_loc)
 .debug_loc     0x00000000       0x34 e:/embedded system/imt_sdk_win_64/winavr/bin/../lib/gcc/avr/4.3.3/avr5\libgcc.a(_fixunssfsi.o)
 .debug_loc     0x00000034      0x32a e:/embedded system/imt_sdk_win_64/winavr/bin/../lib/gcc/avr/4.3.3/avr5\libgcc.a(_addsub_sf.o)
 .debug_loc     0x0000035e      0x104 e:/embedded system/imt_sdk_win_64/winavr/bin/../lib/gcc/avr/4.3.3/avr5\libgcc.a(_mul_sf.o)
 .debug_loc     0x00000462       0x3c e:/embedded system/imt_sdk_win_64/winavr/bin/../lib/gcc/avr/4.3.3/avr5\libgcc.a(_gt_sf.o)
 .debug_loc     0x0000049e       0x3c e:/embedded system/imt_sdk_win_64/winavr/bin/../lib/gcc/avr/4.3.3/avr5\libgcc.a(_ge_sf.o)
 .debug_loc     0x000004da       0x3c e:/embedded system/imt_sdk_win_64/winavr/bin/../lib/gcc/avr/4.3.3/avr5\libgcc.a(_lt_sf.o)
 .debug_loc     0x00000516       0x7e e:/embedded system/imt_sdk_win_64/winavr/bin/../lib/gcc/avr/4.3.3/avr5\libgcc.a(_sf_to_si.o)
 .debug_loc     0x00000594       0x4c e:/embedded system/imt_sdk_win_64/winavr/bin/../lib/gcc/avr/4.3.3/avr5\libgcc.a(_usi_to_sf.o)
 .debug_loc     0x000005e0       0x94 e:/embedded system/imt_sdk_win_64/winavr/bin/../lib/gcc/avr/4.3.3/avr5\libgcc.a(_clzsi2.o)
 .debug_loc     0x00000674      0x13e e:/embedded system/imt_sdk_win_64/winavr/bin/../lib/gcc/avr/4.3.3/avr5\libgcc.a(_pack_sf.o)
 .debug_loc     0x000007b2       0xac e:/embedded system/imt_sdk_win_64/winavr/bin/../lib/gcc/avr/4.3.3/avr5\libgcc.a(_unpack_sf.o)
 .debug_loc     0x0000085e       0x50 e:/embedded system/imt_sdk_win_64/winavr/bin/../lib/gcc/avr/4.3.3/avr5\libgcc.a(_fpcmp_parts_sf.o)

.debug_macinfo
 *(.debug_macinfo)
OUTPUT(IMT_Project.elf elf32-avr)
LOAD linker stubs

.debug_ranges   0x00000000       0x50
 .debug_ranges  0x00000000       0x50 e:/embedded system/imt_sdk_win_64/winavr/bin/../lib/gcc/avr/4.3.3/avr5\libgcc.a(_mul_sf.o)
